<html>
<body>
<pre>
<h1>礦ision Build Log</h1>
<h2>Tool Versions:</h2>
IDE-Version: μVision V5.20.0.0
Copyright (C) 2016 ARM Ltd and ARM Germany GmbH. All rights reserved.
License Information: aa aa, aa, LIC=BUURY-IW8AH-EV51R-KV0BR-JMC31-3V9PK
 
Tool Versions:
Toolchain:       MDK-ARM Plus  Version: 5.20
Toolchain Path:  d:\Keil_v5\ARM\ARMCC\Bin
C Compiler:      Armcc.exe V5.06 update 2 (build 183)
Assembler:       Armasm.exe V5.06 update 2 (build 183)
Linker/Locator:  ArmLink.exe V5.06 update 2 (build 183)
Library Manager: ArmAr.exe V5.06 update 2 (build 183)
Hex Converter:   FromElf.exe V5.06 update 2 (build 183)
CPU DLL:         SARMCM3.DLL V5.20
Dialog DLL:      DCM.DLL V1.13.7.0
Target DLL:      STLink\ST-LINKIII-KEIL_SWO.dll V2.0.18.0
Dialog DLL:      TCM.DLL V1.14.9.0
 
<h2>Project:</h2>
L:\03_NB模块\STM32F103参考例程_果云\03.mqtt订阅发布消息-V2.0\USER\Project.uvprojx
Project File Date:  11/13/2020

<h2>Output:</h2>
*** Using Compiler 'V5.06 update 2 (build 183)', folder: 'd:\Keil_v5\ARM\ARMCC\Bin'
Build target 'Project'
compiling stm32f10x_it.c...
compiling Led.c...
compiling key.c...
compiling user_func.c...
compiling usart.c...
compiling guoyun_nb_iot.c...
compiling main.c...
compiling misc.c...
compiling timer.c...
compiling stm32f10x_gpio.c...
compiling stm32f10x_rcc.c...
compiling SysTick.c...
compiling stm32f10x_exti.c...
compiling stm32f10x_tim.c...
assembling startup_stm32f10x_md.s...
compiling stm32f10x_usart.c...
compiling core_cm3.c...
compiling system_stm32f10x.c...
linking...
Program Size: Code=15724 RO-data=292 RW-data=924 ZI-data=3676  
FromELF: creating hex file...
".\Output\guoyun_mqtt.axf" - 0 Error(s), 0 Warning(s).

<h2>Collection of Component include folders:</h2>
  L:\03_NB模块\STM32F103参考例程_果云\03.mqtt订阅发布消息-V2.0\USER\RTE
  d:\Keil_v5\ARM\PACK\Keil\STM32F1xx_DFP\1.0.5\Device\Include

<h2>Collection of Component Files used:</h2>
Build Time Elapsed:  00:00:03
</pre>
</body>
</html>
