Component: ARM Compiler 5.06 update 2 (build 183) Tool: armlink [4d35b7]

==============================================================================

Section Cross References

    main.o(.text) refers to user_func.o(.text) for init_user_cmd
    main.o(.text) refers to printf3.o(i.__0printf$3) for __2printf
    main.o(.text) refers to systick.o(.text) for SysTick_Init_Config
    main.o(.text) refers to led.o(.text) for GPIO_Config
    main.o(.text) refers to key.o(.text) for Key_GPIO_Config
    main.o(.text) refers to usart.o(.text) for USART2_Init_Config
    main.o(.text) refers to timer.o(.text) for timer2_init_config
    main.o(.text) refers to guoyun_nb_iot.o(.text) for check_communication
    main.o(.text) refers to strlen.o(.text) for strlen
    main.o(.text) refers to strncmp.o(.text) for strncmp
    main.o(.text) refers to memseta.o(.text) for __aeabi_memclr
    main.o(.text) refers to main.o(.data) for slave_rcv_cmd_result
    main.o(.text) refers to main.o(.bss) for rcv_cmd_buf
    main.o(.text) refers to stm32f10x_usart.o(.text) for USART_ReceiveData
    main.o(.text) refers to memcpya.o(.text) for __aeabi_memcpy
    main.o(.text) refers to stm32f10x_tim.o(.text) for TIM_GetITStatus
    stm32f10x_it.o(.text) refers to systick.o(.text) for SysTickDelayTime_Counter
    guoyun_nb_iot.o(.text) refers to memseta.o(.text) for __aeabi_memclr
    guoyun_nb_iot.o(.text) refers to usart.o(.text) for UART2_Send_AT_Command
    guoyun_nb_iot.o(.text) refers to strstr.o(.text) for strstr
    guoyun_nb_iot.o(.text) refers to timer.o(.text) for start_timer
    guoyun_nb_iot.o(.text) refers to printf3.o(i.__0printf$3) for __2printf
    guoyun_nb_iot.o(.text) refers to strlen.o(.text) for strlen
    guoyun_nb_iot.o(.text) refers to main.o(.bss) for rcv_cmd_buf
    guoyun_nb_iot.o(.text) refers to main.o(.data) for system_state
    user_func.o(.text) refers to usart.o(.text) for UART2_Send_Command
    user_func.o(.text) refers to strlen.o(.text) for strlen
    user_func.o(.text) refers to memseta.o(.text) for __aeabi_memclr
    user_func.o(.text) refers to printf3.o(i.__0sprintf$3) for __2sprintf
    user_func.o(.text) refers to printf3.o(i.__0printf$3) for __2printf
    user_func.o(.text) refers to strstr.o(.text) for strstr
    user_func.o(.text) refers to user_func.o(.data) for http_cmd
    user_func.o(.text) refers to main.o(.bss) for send_at_buffer
    user_func.o(.text) refers to main.o(.data) for socket
    user_func.o(.data) refers to user_func.o(.conststring) for .conststring
    user_func.o(.data) refers to user_func.o(.text) for http_head_rest_content
    usart.o(.text) refers to stm32f10x_rcc.o(.text) for RCC_APB2PeriphClockCmd
    usart.o(.text) refers to stm32f10x_usart.o(.text) for USART_DeInit
    usart.o(.text) refers to stm32f10x_gpio.o(.text) for GPIO_Init
    usart.o(.text) refers to misc.o(.text) for NVIC_Init
    usart.o(.text) refers to guoyun_nb_iot.o(.text) for clear_send_rcv_buffer
    usart.o(.text) refers to printf3.o(i.__0printf$3) for __2printf
    usart.o(.text) refers to timer.o(.text) for start_timer
    usart.o(.text) refers to main.o(.data) for master_send_cmd_result
    usart.o(.text) refers to main.o(.bss) for cmd_send_rcv_buf
    key.o(.text) refers to stm32f10x_rcc.o(.text) for RCC_APB2PeriphClockCmd
    key.o(.text) refers to stm32f10x_gpio.o(.text) for GPIO_Init
    key.o(.text) refers to systick.o(.text) for delay_ms
    led.o(.text) refers to stm32f10x_gpio.o(.text) for GPIO_SetBits
    led.o(.text) refers to stm32f10x_rcc.o(.text) for RCC_APB2PeriphClockCmd
    systick.o(.text) refers to system_stm32f10x.o(.data) for SystemCoreClock
    systick.o(.text) refers to systick.o(.data) for SysTickDelayTime
    timer.o(.text) refers to stm32f10x_rcc.o(.text) for RCC_APB1PeriphClockCmd
    timer.o(.text) refers to stm32f10x_tim.o(.text) for TIM_TimeBaseInit
    timer.o(.text) refers to misc.o(.text) for NVIC_Init
    stm32f10x_gpio.o(.text) refers to stm32f10x_rcc.o(.text) for RCC_APB2PeriphResetCmd
    stm32f10x_rcc.o(.text) refers to stm32f10x_rcc.o(.data) for APBAHBPrescTable
    stm32f10x_tim.o(.text) refers to stm32f10x_rcc.o(.text) for RCC_APB2PeriphResetCmd
    stm32f10x_usart.o(.text) refers to stm32f10x_rcc.o(.text) for RCC_APB2PeriphResetCmd
    system_stm32f10x.o(.text) refers to system_stm32f10x.o(.data) for SystemCoreClock
    startup_stm32f10x_md.o(RESET) refers to startup_stm32f10x_md.o(STACK) for __initial_sp
    startup_stm32f10x_md.o(RESET) refers to startup_stm32f10x_md.o(.text) for Reset_Handler
    startup_stm32f10x_md.o(RESET) refers to stm32f10x_it.o(.text) for NMI_Handler
    startup_stm32f10x_md.o(RESET) refers to main.o(.text) for TIM2_IRQHandler
    startup_stm32f10x_md.o(.text) refers to system_stm32f10x.o(.text) for SystemInit
    startup_stm32f10x_md.o(.text) refers to entry.o(.ARM.Collect$$$$00000000) for __main
    entry.o(.ARM.Collect$$$$00000000) refers (Special) to entry10a.o(.ARM.Collect$$$$0000000D) for __rt_final_cpp
    entry.o(.ARM.Collect$$$$00000000) refers (Special) to entry11a.o(.ARM.Collect$$$$0000000F) for __rt_final_exit
    entry.o(.ARM.Collect$$$$00000000) refers (Special) to entry7b.o(.ARM.Collect$$$$00000008) for _main_clock
    entry.o(.ARM.Collect$$$$00000000) refers (Special) to entry8b.o(.ARM.Collect$$$$0000000A) for _main_cpp_init
    entry.o(.ARM.Collect$$$$00000000) refers (Special) to entry9a.o(.ARM.Collect$$$$0000000B) for _main_init
    entry.o(.ARM.Collect$$$$00000000) refers (Special) to entry5.o(.ARM.Collect$$$$00000004) for _main_scatterload
    entry.o(.ARM.Collect$$$$00000000) refers (Special) to entry2.o(.ARM.Collect$$$$00000001) for _main_stk
    printfb.o(i.__0fprintf$bare) refers to printfb.o(i._printf_core) for _printf_core
    printfb.o(i.__0fprintf$bare) refers to usart.o(.text) for fputc
    printfb.o(i.__0printf$bare) refers to printfb.o(i._printf_core) for _printf_core
    printfb.o(i.__0printf$bare) refers to usart.o(.text) for fputc
    printfb.o(i.__0printf$bare) refers to stdout.o(.data) for __stdout
    printfb.o(i.__0snprintf$bare) refers to printfb.o(i._printf_core) for _printf_core
    printfb.o(i.__0snprintf$bare) refers to printfb.o(i._snputc) for _snputc
    printfb.o(i.__0sprintf$bare) refers to printfb.o(i._printf_core) for _printf_core
    printfb.o(i.__0sprintf$bare) refers to printfb.o(i._sputc) for _sputc
    printfb.o(i.__0vfprintf$bare) refers to printfb.o(i._printf_core) for _printf_core
    printfb.o(i.__0vfprintf$bare) refers to usart.o(.text) for fputc
    printfb.o(i.__0vprintf$bare) refers to printfb.o(i._printf_core) for _printf_core
    printfb.o(i.__0vprintf$bare) refers to usart.o(.text) for fputc
    printfb.o(i.__0vprintf$bare) refers to stdout.o(.data) for __stdout
    printfb.o(i.__0vsnprintf$bare) refers to printfb.o(i._printf_core) for _printf_core
    printfb.o(i.__0vsnprintf$bare) refers to printfb.o(i._snputc) for _snputc
    printfb.o(i.__0vsprintf$bare) refers to printfb.o(i._printf_core) for _printf_core
    printfb.o(i.__0vsprintf$bare) refers to printfb.o(i._sputc) for _sputc
    printf0.o(i.__0fprintf$0) refers to printf0.o(i._printf_core) for _printf_core
    printf0.o(i.__0fprintf$0) refers to usart.o(.text) for fputc
    printf0.o(i.__0printf$0) refers to printf0.o(i._printf_core) for _printf_core
    printf0.o(i.__0printf$0) refers to usart.o(.text) for fputc
    printf0.o(i.__0printf$0) refers to stdout.o(.data) for __stdout
    printf0.o(i.__0snprintf$0) refers to printf0.o(i._printf_core) for _printf_core
    printf0.o(i.__0snprintf$0) refers to printf0.o(i._snputc) for _snputc
    printf0.o(i.__0sprintf$0) refers to printf0.o(i._printf_core) for _printf_core
    printf0.o(i.__0sprintf$0) refers to printf0.o(i._sputc) for _sputc
    printf0.o(i.__0vfprintf$0) refers to printf0.o(i._printf_core) for _printf_core
    printf0.o(i.__0vfprintf$0) refers to usart.o(.text) for fputc
    printf0.o(i.__0vprintf$0) refers to printf0.o(i._printf_core) for _printf_core
    printf0.o(i.__0vprintf$0) refers to usart.o(.text) for fputc
    printf0.o(i.__0vprintf$0) refers to stdout.o(.data) for __stdout
    printf0.o(i.__0vsnprintf$0) refers to printf0.o(i._printf_core) for _printf_core
    printf0.o(i.__0vsnprintf$0) refers to printf0.o(i._snputc) for _snputc
    printf0.o(i.__0vsprintf$0) refers to printf0.o(i._printf_core) for _printf_core
    printf0.o(i.__0vsprintf$0) refers to printf0.o(i._sputc) for _sputc
    printf1.o(i.__0fprintf$1) refers to printf1.o(i._printf_core) for _printf_core
    printf1.o(i.__0fprintf$1) refers to usart.o(.text) for fputc
    printf1.o(i.__0printf$1) refers to printf1.o(i._printf_core) for _printf_core
    printf1.o(i.__0printf$1) refers to usart.o(.text) for fputc
    printf1.o(i.__0printf$1) refers to stdout.o(.data) for __stdout
    printf1.o(i.__0snprintf$1) refers to printf1.o(i._printf_core) for _printf_core
    printf1.o(i.__0snprintf$1) refers to printf1.o(i._snputc) for _snputc
    printf1.o(i.__0sprintf$1) refers to printf1.o(i._printf_core) for _printf_core
    printf1.o(i.__0sprintf$1) refers to printf1.o(i._sputc) for _sputc
    printf1.o(i.__0vfprintf$1) refers to printf1.o(i._printf_core) for _printf_core
    printf1.o(i.__0vfprintf$1) refers to usart.o(.text) for fputc
    printf1.o(i.__0vprintf$1) refers to printf1.o(i._printf_core) for _printf_core
    printf1.o(i.__0vprintf$1) refers to usart.o(.text) for fputc
    printf1.o(i.__0vprintf$1) refers to stdout.o(.data) for __stdout
    printf1.o(i.__0vsnprintf$1) refers to printf1.o(i._printf_core) for _printf_core
    printf1.o(i.__0vsnprintf$1) refers to printf1.o(i._snputc) for _snputc
    printf1.o(i.__0vsprintf$1) refers to printf1.o(i._printf_core) for _printf_core
    printf1.o(i.__0vsprintf$1) refers to printf1.o(i._sputc) for _sputc
    printf1.o(i._printf_core) refers to uidiv.o(.text) for __aeabi_uidivmod
    printf2.o(i.__0fprintf$2) refers to printf2.o(i._printf_core) for _printf_core
    printf2.o(i.__0fprintf$2) refers to usart.o(.text) for fputc
    printf2.o(i.__0printf$2) refers to printf2.o(i._printf_core) for _printf_core
    printf2.o(i.__0printf$2) refers to usart.o(.text) for fputc
    printf2.o(i.__0printf$2) refers to stdout.o(.data) for __stdout
    printf2.o(i.__0snprintf$2) refers to printf2.o(i._printf_core) for _printf_core
    printf2.o(i.__0snprintf$2) refers to printf2.o(i._snputc) for _snputc
    printf2.o(i.__0sprintf$2) refers to printf2.o(i._printf_core) for _printf_core
    printf2.o(i.__0sprintf$2) refers to printf2.o(i._sputc) for _sputc
    printf2.o(i.__0vfprintf$2) refers to printf2.o(i._printf_core) for _printf_core
    printf2.o(i.__0vfprintf$2) refers to usart.o(.text) for fputc
    printf2.o(i.__0vprintf$2) refers to printf2.o(i._printf_core) for _printf_core
    printf2.o(i.__0vprintf$2) refers to usart.o(.text) for fputc
    printf2.o(i.__0vprintf$2) refers to stdout.o(.data) for __stdout
    printf2.o(i.__0vsnprintf$2) refers to printf2.o(i._printf_core) for _printf_core
    printf2.o(i.__0vsnprintf$2) refers to printf2.o(i._snputc) for _snputc
    printf2.o(i.__0vsprintf$2) refers to printf2.o(i._printf_core) for _printf_core
    printf2.o(i.__0vsprintf$2) refers to printf2.o(i._sputc) for _sputc
    printf3.o(i.__0fprintf$3) refers to printf3.o(i._printf_core) for _printf_core
    printf3.o(i.__0fprintf$3) refers to usart.o(.text) for fputc
    printf3.o(i.__0printf$3) refers to printf3.o(i._printf_core) for _printf_core
    printf3.o(i.__0printf$3) refers to usart.o(.text) for fputc
    printf3.o(i.__0printf$3) refers to stdout.o(.data) for __stdout
    printf3.o(i.__0snprintf$3) refers to printf3.o(i._printf_core) for _printf_core
    printf3.o(i.__0snprintf$3) refers to printf3.o(i._snputc) for _snputc
    printf3.o(i.__0sprintf$3) refers to printf3.o(i._printf_core) for _printf_core
    printf3.o(i.__0sprintf$3) refers to printf3.o(i._sputc) for _sputc
    printf3.o(i.__0vfprintf$3) refers to printf3.o(i._printf_core) for _printf_core
    printf3.o(i.__0vfprintf$3) refers to usart.o(.text) for fputc
    printf3.o(i.__0vprintf$3) refers to printf3.o(i._printf_core) for _printf_core
    printf3.o(i.__0vprintf$3) refers to usart.o(.text) for fputc
    printf3.o(i.__0vprintf$3) refers to stdout.o(.data) for __stdout
    printf3.o(i.__0vsnprintf$3) refers to printf3.o(i._printf_core) for _printf_core
    printf3.o(i.__0vsnprintf$3) refers to printf3.o(i._snputc) for _snputc
    printf3.o(i.__0vsprintf$3) refers to printf3.o(i._printf_core) for _printf_core
    printf3.o(i.__0vsprintf$3) refers to printf3.o(i._sputc) for _sputc
    printf3.o(i._printf_core) refers to uidiv.o(.text) for __aeabi_uidivmod
    printf4.o(i.__0fprintf$4) refers to printf4.o(i._printf_core) for _printf_core
    printf4.o(i.__0fprintf$4) refers to usart.o(.text) for fputc
    printf4.o(i.__0printf$4) refers to printf4.o(i._printf_core) for _printf_core
    printf4.o(i.__0printf$4) refers to usart.o(.text) for fputc
    printf4.o(i.__0printf$4) refers to stdout.o(.data) for __stdout
    printf4.o(i.__0snprintf$4) refers to printf4.o(i._printf_core) for _printf_core
    printf4.o(i.__0snprintf$4) refers to printf4.o(i._snputc) for _snputc
    printf4.o(i.__0sprintf$4) refers to printf4.o(i._printf_core) for _printf_core
    printf4.o(i.__0sprintf$4) refers to printf4.o(i._sputc) for _sputc
    printf4.o(i.__0vfprintf$4) refers to printf4.o(i._printf_core) for _printf_core
    printf4.o(i.__0vfprintf$4) refers to usart.o(.text) for fputc
    printf4.o(i.__0vprintf$4) refers to printf4.o(i._printf_core) for _printf_core
    printf4.o(i.__0vprintf$4) refers to usart.o(.text) for fputc
    printf4.o(i.__0vprintf$4) refers to stdout.o(.data) for __stdout
    printf4.o(i.__0vsnprintf$4) refers to printf4.o(i._printf_core) for _printf_core
    printf4.o(i.__0vsnprintf$4) refers to printf4.o(i._snputc) for _snputc
    printf4.o(i.__0vsprintf$4) refers to printf4.o(i._printf_core) for _printf_core
    printf4.o(i.__0vsprintf$4) refers to printf4.o(i._sputc) for _sputc
    printf4.o(i._printf_core) refers to uldiv.o(.text) for __aeabi_uldivmod
    printf5.o(i.__0fprintf$5) refers to printf5.o(i._printf_core) for _printf_core
    printf5.o(i.__0fprintf$5) refers to usart.o(.text) for fputc
    printf5.o(i.__0printf$5) refers to printf5.o(i._printf_core) for _printf_core
    printf5.o(i.__0printf$5) refers to usart.o(.text) for fputc
    printf5.o(i.__0printf$5) refers to stdout.o(.data) for __stdout
    printf5.o(i.__0snprintf$5) refers to printf5.o(i._printf_core) for _printf_core
    printf5.o(i.__0snprintf$5) refers to printf5.o(i._snputc) for _snputc
    printf5.o(i.__0sprintf$5) refers to printf5.o(i._printf_core) for _printf_core
    printf5.o(i.__0sprintf$5) refers to printf5.o(i._sputc) for _sputc
    printf5.o(i.__0vfprintf$5) refers to printf5.o(i._printf_core) for _printf_core
    printf5.o(i.__0vfprintf$5) refers to usart.o(.text) for fputc
    printf5.o(i.__0vprintf$5) refers to printf5.o(i._printf_core) for _printf_core
    printf5.o(i.__0vprintf$5) refers to usart.o(.text) for fputc
    printf5.o(i.__0vprintf$5) refers to stdout.o(.data) for __stdout
    printf5.o(i.__0vsnprintf$5) refers to printf5.o(i._printf_core) for _printf_core
    printf5.o(i.__0vsnprintf$5) refers to printf5.o(i._snputc) for _snputc
    printf5.o(i.__0vsprintf$5) refers to printf5.o(i._printf_core) for _printf_core
    printf5.o(i.__0vsprintf$5) refers to printf5.o(i._sputc) for _sputc
    printf5.o(i._printf_core) refers to uldiv.o(.text) for __aeabi_uldivmod
    printf6.o(i.__0fprintf$6) refers to printf6.o(i._printf_core) for _printf_core
    printf6.o(i.__0fprintf$6) refers to usart.o(.text) for fputc
    printf6.o(i.__0printf$6) refers to printf6.o(i._printf_core) for _printf_core
    printf6.o(i.__0printf$6) refers to usart.o(.text) for fputc
    printf6.o(i.__0printf$6) refers to stdout.o(.data) for __stdout
    printf6.o(i.__0snprintf$6) refers to printf6.o(i._printf_core) for _printf_core
    printf6.o(i.__0snprintf$6) refers to printf6.o(i._snputc) for _snputc
    printf6.o(i.__0sprintf$6) refers to printf6.o(i._printf_core) for _printf_core
    printf6.o(i.__0sprintf$6) refers to printf6.o(i._sputc) for _sputc
    printf6.o(i.__0vfprintf$6) refers to printf6.o(i._printf_core) for _printf_core
    printf6.o(i.__0vfprintf$6) refers to usart.o(.text) for fputc
    printf6.o(i.__0vprintf$6) refers to printf6.o(i._printf_core) for _printf_core
    printf6.o(i.__0vprintf$6) refers to usart.o(.text) for fputc
    printf6.o(i.__0vprintf$6) refers to stdout.o(.data) for __stdout
    printf6.o(i.__0vsnprintf$6) refers to printf6.o(i._printf_core) for _printf_core
    printf6.o(i.__0vsnprintf$6) refers to printf6.o(i._snputc) for _snputc
    printf6.o(i.__0vsprintf$6) refers to printf6.o(i._printf_core) for _printf_core
    printf6.o(i.__0vsprintf$6) refers to printf6.o(i._sputc) for _sputc
    printf6.o(i._printf_core) refers to printf6.o(i._printf_pre_padding) for _printf_pre_padding
    printf6.o(i._printf_core) refers to uidiv.o(.text) for __aeabi_uidivmod
    printf6.o(i._printf_core) refers to printf6.o(i._printf_post_padding) for _printf_post_padding
    printf7.o(i.__0fprintf$7) refers to printf7.o(i._printf_core) for _printf_core
    printf7.o(i.__0fprintf$7) refers to usart.o(.text) for fputc
    printf7.o(i.__0printf$7) refers to printf7.o(i._printf_core) for _printf_core
    printf7.o(i.__0printf$7) refers to usart.o(.text) for fputc
    printf7.o(i.__0printf$7) refers to stdout.o(.data) for __stdout
    printf7.o(i.__0snprintf$7) refers to printf7.o(i._printf_core) for _printf_core
    printf7.o(i.__0snprintf$7) refers to printf7.o(i._snputc) for _snputc
    printf7.o(i.__0sprintf$7) refers to printf7.o(i._printf_core) for _printf_core
    printf7.o(i.__0sprintf$7) refers to printf7.o(i._sputc) for _sputc
    printf7.o(i.__0vfprintf$7) refers to printf7.o(i._printf_core) for _printf_core
    printf7.o(i.__0vfprintf$7) refers to usart.o(.text) for fputc
    printf7.o(i.__0vprintf$7) refers to printf7.o(i._printf_core) for _printf_core
    printf7.o(i.__0vprintf$7) refers to usart.o(.text) for fputc
    printf7.o(i.__0vprintf$7) refers to stdout.o(.data) for __stdout
    printf7.o(i.__0vsnprintf$7) refers to printf7.o(i._printf_core) for _printf_core
    printf7.o(i.__0vsnprintf$7) refers to printf7.o(i._snputc) for _snputc
    printf7.o(i.__0vsprintf$7) refers to printf7.o(i._printf_core) for _printf_core
    printf7.o(i.__0vsprintf$7) refers to printf7.o(i._sputc) for _sputc
    printf7.o(i._printf_core) refers to printf7.o(i._printf_pre_padding) for _printf_pre_padding
    printf7.o(i._printf_core) refers to uldiv.o(.text) for __aeabi_uldivmod
    printf7.o(i._printf_core) refers to printf7.o(i._printf_post_padding) for _printf_post_padding
    printf8.o(i.__0fprintf$8) refers to printf8.o(i._printf_core) for _printf_core
    printf8.o(i.__0fprintf$8) refers to usart.o(.text) for fputc
    printf8.o(i.__0printf$8) refers to printf8.o(i._printf_core) for _printf_core
    printf8.o(i.__0printf$8) refers to usart.o(.text) for fputc
    printf8.o(i.__0printf$8) refers to stdout.o(.data) for __stdout
    printf8.o(i.__0snprintf$8) refers to printf8.o(i._printf_core) for _printf_core
    printf8.o(i.__0snprintf$8) refers to printf8.o(i._snputc) for _snputc
    printf8.o(i.__0sprintf$8) refers to printf8.o(i._printf_core) for _printf_core
    printf8.o(i.__0sprintf$8) refers to printf8.o(i._sputc) for _sputc
    printf8.o(i.__0vfprintf$8) refers to printf8.o(i._printf_core) for _printf_core
    printf8.o(i.__0vfprintf$8) refers to usart.o(.text) for fputc
    printf8.o(i.__0vprintf$8) refers to printf8.o(i._printf_core) for _printf_core
    printf8.o(i.__0vprintf$8) refers to usart.o(.text) for fputc
    printf8.o(i.__0vprintf$8) refers to stdout.o(.data) for __stdout
    printf8.o(i.__0vsnprintf$8) refers to printf8.o(i._printf_core) for _printf_core
    printf8.o(i.__0vsnprintf$8) refers to printf8.o(i._snputc) for _snputc
    printf8.o(i.__0vsprintf$8) refers to printf8.o(i._printf_core) for _printf_core
    printf8.o(i.__0vsprintf$8) refers to printf8.o(i._sputc) for _sputc
    printf8.o(i._printf_core) refers to printf8.o(i._printf_pre_padding) for _printf_pre_padding
    printf8.o(i._printf_core) refers to uldiv.o(.text) for __aeabi_uldivmod
    printf8.o(i._printf_core) refers to printf8.o(i._printf_post_padding) for _printf_post_padding
    printfa.o(i.__0fprintf) refers (Special) to iusefp.o(.text) for __I$use$fp
    printfa.o(i.__0fprintf) refers to printfa.o(i._printf_core) for _printf_core
    printfa.o(i.__0fprintf) refers to usart.o(.text) for fputc
    printfa.o(i.__0printf) refers (Special) to iusefp.o(.text) for __I$use$fp
    printfa.o(i.__0printf) refers to printfa.o(i._printf_core) for _printf_core
    printfa.o(i.__0printf) refers to usart.o(.text) for fputc
    printfa.o(i.__0printf) refers to stdout.o(.data) for __stdout
    printfa.o(i.__0snprintf) refers (Special) to iusefp.o(.text) for __I$use$fp
    printfa.o(i.__0snprintf) refers to printfa.o(i._printf_core) for _printf_core
    printfa.o(i.__0snprintf) refers to printfa.o(i._snputc) for _snputc
    printfa.o(i.__0sprintf) refers (Special) to iusefp.o(.text) for __I$use$fp
    printfa.o(i.__0sprintf) refers to printfa.o(i._printf_core) for _printf_core
    printfa.o(i.__0sprintf) refers to printfa.o(i._sputc) for _sputc
    printfa.o(i.__0vfprintf) refers (Special) to iusefp.o(.text) for __I$use$fp
    printfa.o(i.__0vfprintf) refers to printfa.o(i._printf_core) for _printf_core
    printfa.o(i.__0vfprintf) refers to usart.o(.text) for fputc
    printfa.o(i.__0vprintf) refers (Special) to iusefp.o(.text) for __I$use$fp
    printfa.o(i.__0vprintf) refers to printfa.o(i._printf_core) for _printf_core
    printfa.o(i.__0vprintf) refers to usart.o(.text) for fputc
    printfa.o(i.__0vprintf) refers to stdout.o(.data) for __stdout
    printfa.o(i.__0vsnprintf) refers (Special) to iusefp.o(.text) for __I$use$fp
    printfa.o(i.__0vsnprintf) refers to printfa.o(i._printf_core) for _printf_core
    printfa.o(i.__0vsnprintf) refers to printfa.o(i._snputc) for _snputc
    printfa.o(i.__0vsprintf) refers (Special) to iusefp.o(.text) for __I$use$fp
    printfa.o(i.__0vsprintf) refers to printfa.o(i._printf_core) for _printf_core
    printfa.o(i.__0vsprintf) refers to printfa.o(i._sputc) for _sputc
    printfa.o(i._fp_digits) refers (Special) to iusefp.o(.text) for __I$use$fp
    printfa.o(i._fp_digits) refers to dmul.o(.text) for __aeabi_dmul
    printfa.o(i._fp_digits) refers to ddiv.o(.text) for __aeabi_ddiv
    printfa.o(i._fp_digits) refers to cdrcmple.o(.text) for __aeabi_cdrcmple
    printfa.o(i._fp_digits) refers to dadd.o(.text) for __aeabi_dadd
    printfa.o(i._fp_digits) refers to dfixul.o(.text) for __aeabi_d2ulz
    printfa.o(i._fp_digits) refers to uldiv.o(.text) for __aeabi_uldivmod
    printfa.o(i._printf_core) refers (Special) to iusefp.o(.text) for __I$use$fp
    printfa.o(i._printf_core) refers to printfa.o(i._printf_pre_padding) for _printf_pre_padding
    printfa.o(i._printf_core) refers to uldiv.o(.text) for __aeabi_uldivmod
    printfa.o(i._printf_core) refers to printfa.o(i._printf_post_padding) for _printf_post_padding
    printfa.o(i._printf_core) refers to printfa.o(i._fp_digits) for _fp_digits
    printfa.o(i._printf_core) refers to uidiv.o(.text) for __aeabi_uidivmod
    printfa.o(i._printf_post_padding) refers (Special) to iusefp.o(.text) for __I$use$fp
    printfa.o(i._printf_pre_padding) refers (Special) to iusefp.o(.text) for __I$use$fp
    printfa.o(i._snputc) refers (Special) to iusefp.o(.text) for __I$use$fp
    printfa.o(i._sputc) refers (Special) to iusefp.o(.text) for __I$use$fp
    entry2.o(.ARM.Collect$$$$00000001) refers to entry2.o(.ARM.Collect$$$$00002712) for __lit__00000000
    entry2.o(.ARM.Collect$$$$00002712) refers to startup_stm32f10x_md.o(STACK) for __initial_sp
    entry2.o(__vectab_stack_and_reset_area) refers to startup_stm32f10x_md.o(STACK) for __initial_sp
    entry2.o(__vectab_stack_and_reset_area) refers to entry.o(.ARM.Collect$$$$00000000) for __main
    entry5.o(.ARM.Collect$$$$00000004) refers to init.o(.text) for __scatterload
    entry9a.o(.ARM.Collect$$$$0000000B) refers to main.o(.text) for main
    entry9b.o(.ARM.Collect$$$$0000000C) refers to main.o(.text) for main
    uldiv.o(.text) refers to llushr.o(.text) for __aeabi_llsr
    uldiv.o(.text) refers to llshl.o(.text) for __aeabi_llsl
    dadd.o(.text) refers to llshl.o(.text) for __aeabi_llsl
    dadd.o(.text) refers to llsshr.o(.text) for __aeabi_lasr
    dadd.o(.text) refers to depilogue.o(.text) for _double_epilogue
    dmul.o(.text) refers to depilogue.o(.text) for _double_epilogue
    ddiv.o(.text) refers to depilogue.o(.text) for _double_round
    dfixul.o(.text) refers to llushr.o(.text) for __aeabi_llsr
    dfixul.o(.text) refers to llshl.o(.text) for __aeabi_llsl
    init.o(.text) refers to entry5.o(.ARM.Collect$$$$00000004) for __main_after_scatterload
    depilogue.o(.text) refers to llshl.o(.text) for __aeabi_llsl
    depilogue.o(.text) refers to llushr.o(.text) for __aeabi_llsr


==============================================================================

Removing Unused input sections from the image.

    Removing usart.o(.bss), (200 bytes).
    Removing usart.o(.data), (4 bytes).
    Removing stm32f10x_exti.o(.text), (284 bytes).
    Removing core_cm3.o(.emb_text), (32 bytes).
    Removing startup_stm32f10x_md.o(HEAP), (512 bytes).
    Removing dadd.o(.text), (334 bytes).
    Removing dmul.o(.text), (228 bytes).
    Removing ddiv.o(.text), (222 bytes).
    Removing dfixul.o(.text), (48 bytes).
    Removing cdrcmple.o(.text), (48 bytes).
    Removing depilogue.o(.text), (186 bytes).

11 unused section(s) (total 2098 bytes) removed from the image.

==============================================================================

Image Symbol Table

    Local Symbols

    Symbol Name                              Value     Ov Type        Size  Object(Section)

    ../clib/../cmprslib/zerorunl2.c          0x00000000   Number         0  __dczerorl2.o ABSOLUTE
    ../clib/microlib/division.c              0x00000000   Number         0  uldiv.o ABSOLUTE
    ../clib/microlib/division.c              0x00000000   Number         0  uidiv.o ABSOLUTE
    ../clib/microlib/init/entry.s            0x00000000   Number         0  entry2.o ABSOLUTE
    ../clib/microlib/init/entry.s            0x00000000   Number         0  entry.o ABSOLUTE
    ../clib/microlib/init/entry.s            0x00000000   Number         0  entry7a.o ABSOLUTE
    ../clib/microlib/init/entry.s            0x00000000   Number         0  entry5.o ABSOLUTE
    ../clib/microlib/init/entry.s            0x00000000   Number         0  entry7b.o ABSOLUTE
    ../clib/microlib/init/entry.s            0x00000000   Number         0  entry9b.o ABSOLUTE
    ../clib/microlib/init/entry.s            0x00000000   Number         0  entry11b.o ABSOLUTE
    ../clib/microlib/init/entry.s            0x00000000   Number         0  entry11a.o ABSOLUTE
    ../clib/microlib/init/entry.s            0x00000000   Number         0  entry8a.o ABSOLUTE
    ../clib/microlib/init/entry.s            0x00000000   Number         0  entry10b.o ABSOLUTE
    ../clib/microlib/init/entry.s            0x00000000   Number         0  entry8b.o ABSOLUTE
    ../clib/microlib/init/entry.s            0x00000000   Number         0  entry10a.o ABSOLUTE
    ../clib/microlib/init/entry.s            0x00000000   Number         0  entry9a.o ABSOLUTE
    ../clib/microlib/longlong.c              0x00000000   Number         0  llushr.o ABSOLUTE
    ../clib/microlib/longlong.c              0x00000000   Number         0  llsshr.o ABSOLUTE
    ../clib/microlib/longlong.c              0x00000000   Number         0  llshl.o ABSOLUTE
    ../clib/microlib/printf/printf.c         0x00000000   Number         0  printf1.o ABSOLUTE
    ../clib/microlib/printf/printf.c         0x00000000   Number         0  printf2.o ABSOLUTE
    ../clib/microlib/printf/printf.c         0x00000000   Number         0  printf5.o ABSOLUTE
    ../clib/microlib/printf/printf.c         0x00000000   Number         0  printf6.o ABSOLUTE
    ../clib/microlib/printf/printf.c         0x00000000   Number         0  printf4.o ABSOLUTE
    ../clib/microlib/printf/printf.c         0x00000000   Number         0  printf7.o ABSOLUTE
    ../clib/microlib/printf/printf.c         0x00000000   Number         0  printf3.o ABSOLUTE
    ../clib/microlib/printf/printf.c         0x00000000   Number         0  printf8.o ABSOLUTE
    ../clib/microlib/printf/printf.c         0x00000000   Number         0  printfa.o ABSOLUTE
    ../clib/microlib/printf/printf.c         0x00000000   Number         0  printfb.o ABSOLUTE
    ../clib/microlib/printf/printf.c         0x00000000   Number         0  printf0.o ABSOLUTE
    ../clib/microlib/printf/stubs.s          0x00000000   Number         0  stubs.o ABSOLUTE
    ../clib/microlib/stdio/streams.c         0x00000000   Number         0  stdout.o ABSOLUTE
    ../clib/microlib/string/memcpy.c         0x00000000   Number         0  memcpyb.o ABSOLUTE
    ../clib/microlib/string/memcpy.c         0x00000000   Number         0  memcpya.o ABSOLUTE
    ../clib/microlib/string/memset.c         0x00000000   Number         0  memseta.o ABSOLUTE
    ../clib/microlib/string/strlen.c         0x00000000   Number         0  strlen.o ABSOLUTE
    ../clib/microlib/string/strncmp.c        0x00000000   Number         0  strncmp.o ABSOLUTE
    ../clib/microlib/string/strstr.c         0x00000000   Number         0  strstr.o ABSOLUTE
    ../clib/microlib/stubs.s                 0x00000000   Number         0  iusefp.o ABSOLUTE
    ../fplib/microlib/fpadd.c                0x00000000   Number         0  dadd.o ABSOLUTE
    ../fplib/microlib/fpdiv.c                0x00000000   Number         0  ddiv.o ABSOLUTE
    ../fplib/microlib/fpepilogue.c           0x00000000   Number         0  depilogue.o ABSOLUTE
    ../fplib/microlib/fpfix.c                0x00000000   Number         0  dfixul.o ABSOLUTE
    ../fplib/microlib/fpmul.c                0x00000000   Number         0  dmul.o ABSOLUTE
    ..\BSP\Key\key.c                         0x00000000   Number         0  key.o ABSOLUTE
    ..\BSP\LED\Led.c                         0x00000000   Number         0  led.o ABSOLUTE
    ..\BSP\SysTick\SysTick.c                 0x00000000   Number         0  systick.o ABSOLUTE
    ..\BSP\TIMER\timer.c                     0x00000000   Number         0  timer.o ABSOLUTE
    ..\BSP\USART\usart.c                     0x00000000   Number         0  usart.o ABSOLUTE
    ..\CMSIS\core_cm3.c                      0x00000000   Number         0  core_cm3.o ABSOLUTE
    ..\CMSIS\startup\arm\startup_stm32f10x_md.s 0x00000000   Number         0  startup_stm32f10x_md.o ABSOLUTE
    ..\CMSIS\system_stm32f10x.c              0x00000000   Number         0  system_stm32f10x.o ABSOLUTE
    ..\LIB\src\misc.c                        0x00000000   Number         0  misc.o ABSOLUTE
    ..\LIB\src\stm32f10x_exti.c              0x00000000   Number         0  stm32f10x_exti.o ABSOLUTE
    ..\LIB\src\stm32f10x_gpio.c              0x00000000   Number         0  stm32f10x_gpio.o ABSOLUTE
    ..\LIB\src\stm32f10x_rcc.c               0x00000000   Number         0  stm32f10x_rcc.o ABSOLUTE
    ..\LIB\src\stm32f10x_tim.c               0x00000000   Number         0  stm32f10x_tim.o ABSOLUTE
    ..\LIB\src\stm32f10x_usart.c             0x00000000   Number         0  stm32f10x_usart.o ABSOLUTE
    ..\\CMSIS\\core_cm3.c                    0x00000000   Number         0  core_cm3.o ABSOLUTE
    cdrcmple.s                               0x00000000   Number         0  cdrcmple.o ABSOLUTE
    dc.s                                     0x00000000   Number         0  dc.o ABSOLUTE
    guoyun_nb_iot.c                          0x00000000   Number         0  guoyun_nb_iot.o ABSOLUTE
    handlers.s                               0x00000000   Number         0  handlers.o ABSOLUTE
    init.s                                   0x00000000   Number         0  init.o ABSOLUTE
    main.c                                   0x00000000   Number         0  main.o ABSOLUTE
    stm32f10x_it.c                           0x00000000   Number         0  stm32f10x_it.o ABSOLUTE
    user_func.c                              0x00000000   Number         0  user_func.o ABSOLUTE
    RESET                                    0x08000000   Section      236  startup_stm32f10x_md.o(RESET)
    .ARM.Collect$$$$00000000                 0x080000ec   Section        0  entry.o(.ARM.Collect$$$$00000000)
    .ARM.Collect$$$$00000001                 0x080000ec   Section        4  entry2.o(.ARM.Collect$$$$00000001)
    .ARM.Collect$$$$00000004                 0x080000f0   Section        4  entry5.o(.ARM.Collect$$$$00000004)
    .ARM.Collect$$$$00000008                 0x080000f4   Section        0  entry7b.o(.ARM.Collect$$$$00000008)
    .ARM.Collect$$$$0000000A                 0x080000f4   Section        0  entry8b.o(.ARM.Collect$$$$0000000A)
    .ARM.Collect$$$$0000000B                 0x080000f4   Section        8  entry9a.o(.ARM.Collect$$$$0000000B)
    .ARM.Collect$$$$0000000D                 0x080000fc   Section        0  entry10a.o(.ARM.Collect$$$$0000000D)
    .ARM.Collect$$$$0000000F                 0x080000fc   Section        0  entry11a.o(.ARM.Collect$$$$0000000F)
    .ARM.Collect$$$$00002712                 0x080000fc   Section        4  entry2.o(.ARM.Collect$$$$00002712)
    __lit__00000000                          0x080000fc   Data           4  entry2.o(.ARM.Collect$$$$00002712)
    .text                                    0x08000100   Section        0  main.o(.text)
    .text                                    0x08000f68   Section        0  stm32f10x_it.o(.text)
    .text                                    0x08000f88   Section        0  guoyun_nb_iot.o(.text)
    .text                                    0x08001200   Section        0  user_func.o(.text)
    http_head_rest_content                   0x0800120d   Thumb Code   122  user_func.o(.text)
    http_content_rest_content                0x08001287   Thumb Code     6  user_func.o(.text)
    .text                                    0x080015f0   Section        0  usart.o(.text)
    .text                                    0x080018a8   Section        0  key.o(.text)
    .text                                    0x080019ec   Section        0  led.o(.text)
    .text                                    0x08001b08   Section        0  systick.o(.text)
    .text                                    0x08001be0   Section        0  timer.o(.text)
    .text                                    0x08001c9c   Section        0  misc.o(.text)
    .text                                    0x08001d78   Section        0  stm32f10x_gpio.o(.text)
    .text                                    0x080020d4   Section        0  stm32f10x_rcc.o(.text)
    .text                                    0x08002478   Section        0  stm32f10x_tim.o(.text)
    TI4_Config                               0x0800291f   Thumb Code   130  stm32f10x_tim.o(.text)
    TI3_Config                               0x080029b3   Thumb Code   122  stm32f10x_tim.o(.text)
    TI2_Config                               0x08002a47   Thumb Code   130  stm32f10x_tim.o(.text)
    TI1_Config                               0x08002adb   Thumb Code   108  stm32f10x_tim.o(.text)
    .text                                    0x08003294   Section        0  stm32f10x_usart.o(.text)
    .text                                    0x0800369c   Section        0  system_stm32f10x.o(.text)
    SetSysClockTo72                          0x0800369d   Thumb Code   214  system_stm32f10x.o(.text)
    SetSysClock                              0x08003773   Thumb Code     8  system_stm32f10x.o(.text)
    .text                                    0x0800387c   Section       36  startup_stm32f10x_md.o(.text)
    .text                                    0x080038a0   Section        0  memcpya.o(.text)
    .text                                    0x080038c4   Section        0  memseta.o(.text)
    .text                                    0x080038e8   Section        0  strstr.o(.text)
    .text                                    0x0800390c   Section        0  strlen.o(.text)
    .text                                    0x0800391a   Section        0  strncmp.o(.text)
    .text                                    0x08003938   Section        0  uidiv.o(.text)
    .text                                    0x08003964   Section       36  init.o(.text)
    .text                                    0x08003988   Section        0  __dczerorl2.o(.text)
    i.__0printf$3                            0x080039e0   Section        0  printf3.o(i.__0printf$3)
    i.__0sprintf$3                           0x08003a00   Section        0  printf3.o(i.__0sprintf$3)
    i.__scatterload_copy                     0x08003a28   Section       14  handlers.o(i.__scatterload_copy)
    i.__scatterload_null                     0x08003a36   Section        2  handlers.o(i.__scatterload_null)
    i.__scatterload_zeroinit                 0x08003a38   Section       14  handlers.o(i.__scatterload_zeroinit)
    i._printf_core                           0x08003a48   Section        0  printf3.o(i._printf_core)
    _printf_core                             0x08003a49   Thumb Code   436  printf3.o(i._printf_core)
    i._sputc                                 0x08003c00   Section        0  printf3.o(i._sputc)
    _sputc                                   0x08003c01   Thumb Code    10  printf3.o(i._sputc)
    .conststring                             0x08003c0c   Section       24  user_func.o(.conststring)
    .data                                    0x20000000   Section       42  main.o(.data)
    rcv_content_count                        0x20000008   Data           4  main.o(.data)
    record_count                             0x20000010   Data           4  main.o(.data)
    i                                        0x20000028   Data           2  main.o(.data)
    .data                                    0x2000002c   Section      832  user_func.o(.data)
    .data                                    0x2000036c   Section        4  systick.o(.data)
    SysTickDelayTime                         0x2000036c   Data           4  systick.o(.data)
    .data                                    0x20000370   Section       20  stm32f10x_rcc.o(.data)
    APBAHBPrescTable                         0x20000370   Data          16  stm32f10x_rcc.o(.data)
    ADCPrescTable                            0x20000380   Data           4  stm32f10x_rcc.o(.data)
    .data                                    0x20000384   Section       20  system_stm32f10x.o(.data)
    .data                                    0x20000398   Section        4  stdout.o(.data)
    .bss                                     0x2000039c   Section     1624  main.o(.bss)
    STACK                                    0x200009f8   Section     2048  startup_stm32f10x_md.o(STACK)

    Global Symbols

    Symbol Name                              Value     Ov Type        Size  Object(Section)

    BuildAttributes$$THM_ISAv4$P$D$K$B$S$PE$A:L22UL41UL21$X:L11$S22US41US21$IEEE1$IW$USESV6$~STKCKD$USESV7$~SHL$OSPACE$ROPI$EBA8$MICROLIB$REQ8$PRES8$EABIv2 0x00000000   Number         0  anon$$obj.o ABSOLUTE
    __ARM_use_no_argv                        0x00000000   Number         0  main.o ABSOLUTE
    _printf_a                                0x00000000   Number         0  stubs.o ABSOLUTE
    _printf_c                                0x00000000   Number         0  stubs.o ABSOLUTE
    _printf_charcount                        0x00000000   Number         0  stubs.o ABSOLUTE
    _printf_d                                0x00000000   Number         0  stubs.o ABSOLUTE
    _printf_e                                0x00000000   Number         0  stubs.o ABSOLUTE
    _printf_f                                0x00000000   Number         0  stubs.o ABSOLUTE
    _printf_flags                            0x00000000   Number         0  stubs.o ABSOLUTE
    _printf_fp_dec                           0x00000000   Number         0  stubs.o ABSOLUTE
    _printf_fp_hex                           0x00000000   Number         0  stubs.o ABSOLUTE
    _printf_g                                0x00000000   Number         0  stubs.o ABSOLUTE
    _printf_i                                0x00000000   Number         0  stubs.o ABSOLUTE
    _printf_int_dec                          0x00000000   Number         0  stubs.o ABSOLUTE
    _printf_l                                0x00000000   Number         0  stubs.o ABSOLUTE
    _printf_lc                               0x00000000   Number         0  stubs.o ABSOLUTE
    _printf_ll                               0x00000000   Number         0  stubs.o ABSOLUTE
    _printf_lld                              0x00000000   Number         0  stubs.o ABSOLUTE
    _printf_lli                              0x00000000   Number         0  stubs.o ABSOLUTE
    _printf_llo                              0x00000000   Number         0  stubs.o ABSOLUTE
    _printf_llu                              0x00000000   Number         0  stubs.o ABSOLUTE
    _printf_llx                              0x00000000   Number         0  stubs.o ABSOLUTE
    _printf_longlong_dec                     0x00000000   Number         0  stubs.o ABSOLUTE
    _printf_longlong_hex                     0x00000000   Number         0  stubs.o ABSOLUTE
    _printf_longlong_oct                     0x00000000   Number         0  stubs.o ABSOLUTE
    _printf_ls                               0x00000000   Number         0  stubs.o ABSOLUTE
    _printf_mbtowc                           0x00000000   Number         0  stubs.o ABSOLUTE
    _printf_n                                0x00000000   Number         0  stubs.o ABSOLUTE
    _printf_o                                0x00000000   Number         0  stubs.o ABSOLUTE
    _printf_p                                0x00000000   Number         0  stubs.o ABSOLUTE
    _printf_percent                          0x00000000   Number         0  stubs.o ABSOLUTE
    _printf_pre_padding                      0x00000000   Number         0  stubs.o ABSOLUTE
    _printf_return_value                     0x00000000   Number         0  stubs.o ABSOLUTE
    _printf_s                                0x00000000   Number         0  stubs.o ABSOLUTE
    _printf_sizespec                         0x00000000   Number         0  stubs.o ABSOLUTE
    _printf_str                              0x00000000   Number         0  stubs.o ABSOLUTE
    _printf_truncate_signed                  0x00000000   Number         0  stubs.o ABSOLUTE
    _printf_truncate_unsigned                0x00000000   Number         0  stubs.o ABSOLUTE
    _printf_u                                0x00000000   Number         0  stubs.o ABSOLUTE
    _printf_wc                               0x00000000   Number         0  stubs.o ABSOLUTE
    _printf_wctomb                           0x00000000   Number         0  stubs.o ABSOLUTE
    _printf_widthprec                        0x00000000   Number         0  stubs.o ABSOLUTE
    _printf_x                                0x00000000   Number         0  stubs.o ABSOLUTE
    __cpp_initialize__aeabi_                  - Undefined Weak Reference
    __cxa_finalize                            - Undefined Weak Reference
    _clock_init                               - Undefined Weak Reference
    _microlib_exit                            - Undefined Weak Reference
    __Vectors_Size                           0x000000ec   Number         0  startup_stm32f10x_md.o ABSOLUTE
    __Vectors                                0x08000000   Data           4  startup_stm32f10x_md.o(RESET)
    __Vectors_End                            0x080000ec   Data           0  startup_stm32f10x_md.o(RESET)
    __main                                   0x080000ed   Thumb Code     0  entry.o(.ARM.Collect$$$$00000000)
    _main_stk                                0x080000ed   Thumb Code     0  entry2.o(.ARM.Collect$$$$00000001)
    _main_scatterload                        0x080000f1   Thumb Code     0  entry5.o(.ARM.Collect$$$$00000004)
    __main_after_scatterload                 0x080000f5   Thumb Code     0  entry5.o(.ARM.Collect$$$$00000004)
    _main_clock                              0x080000f5   Thumb Code     0  entry7b.o(.ARM.Collect$$$$00000008)
    _main_cpp_init                           0x080000f5   Thumb Code     0  entry8b.o(.ARM.Collect$$$$0000000A)
    _main_init                               0x080000f5   Thumb Code     0  entry9a.o(.ARM.Collect$$$$0000000B)
    __rt_final_cpp                           0x080000fd   Thumb Code     0  entry10a.o(.ARM.Collect$$$$0000000D)
    __rt_final_exit                          0x080000fd   Thumb Code     0  entry11a.o(.ARM.Collect$$$$0000000F)
    init_system_status                       0x08000101   Thumb Code    12  main.o(.text)
    main                                     0x0800010d   Thumb Code  1818  main.o(.text)
    USART1_IRQHandler                        0x08000827   Thumb Code    24  main.o(.text)
    USART2_IRQHandler                        0x0800083f   Thumb Code  1500  main.o(.text)
    TIM2_IRQHandler                          0x08000e1b   Thumb Code   210  main.o(.text)
    NMI_Handler                              0x08000f69   Thumb Code     2  stm32f10x_it.o(.text)
    HardFault_Handler                        0x08000f6b   Thumb Code     4  stm32f10x_it.o(.text)
    MemManage_Handler                        0x08000f6f   Thumb Code     4  stm32f10x_it.o(.text)
    BusFault_Handler                         0x08000f73   Thumb Code     4  stm32f10x_it.o(.text)
    UsageFault_Handler                       0x08000f77   Thumb Code     4  stm32f10x_it.o(.text)
    SVC_Handler                              0x08000f7b   Thumb Code     2  stm32f10x_it.o(.text)
    DebugMon_Handler                         0x08000f7d   Thumb Code     2  stm32f10x_it.o(.text)
    PendSV_Handler                           0x08000f7f   Thumb Code     2  stm32f10x_it.o(.text)
    SysTick_Handler                          0x08000f81   Thumb Code     8  stm32f10x_it.o(.text)
    clear_rcv_buf                            0x08000f89   Thumb Code    14  guoyun_nb_iot.o(.text)
    check_communication                      0x08000f97   Thumb Code    26  guoyun_nb_iot.o(.text)
    close_ate                                0x08000fb1   Thumb Code    24  guoyun_nb_iot.o(.text)
    find_string                              0x08000fc9   Thumb Code    22  guoyun_nb_iot.o(.text)
    wait_regs                                0x08000fdf   Thumb Code   136  guoyun_nb_iot.o(.text)
    check_register_network                   0x08001067   Thumb Code    14  guoyun_nb_iot.o(.text)
    clear_send_rcv_buffer                    0x08001075   Thumb Code    26  guoyun_nb_iot.o(.text)
    hex_to_str                               0x0800108f   Thumb Code   210  guoyun_nb_iot.o(.text)
    run_user_self_func                       0x08001201   Thumb Code    12  user_func.o(.text)
    init_user_cmd                            0x0800128d   Thumb Code    42  user_func.o(.text)
    get_user_cmd_num                         0x080012b7   Thumb Code     6  user_func.o(.text)
    get_user_cmd_ptr                         0x080012bd   Thumb Code     4  user_func.o(.text)
    connect_to_http_server                   0x080012c1   Thumb Code   174  user_func.o(.text)
    send_data_to_http_server                 0x0800136f   Thumb Code   118  user_func.o(.text)
    close_socket                             0x080013e5   Thumb Code   142  user_func.o(.text)
    USART1_Init_Config                       0x080015f1   Thumb Code   166  usart.o(.text)
    fputc                                    0x08001697   Thumb Code    32  usart.o(.text)
    UART1_SendString                         0x080016b7   Thumb Code    38  usart.o(.text)
    USART2_Init_Config                       0x080016dd   Thumb Code   170  usart.o(.text)
    UART2_SendString                         0x08001787   Thumb Code    38  usart.o(.text)
    UART2_Send_Command                       0x080017ad   Thumb Code    32  usart.o(.text)
    UART2_Send_AT_Command                    0x080017cd   Thumb Code   136  usart.o(.text)
    Key_GPIO_Config                          0x080018a9   Thumb Code    38  key.o(.text)
    Key_Down_Detection                       0x080018cf   Thumb Code    58  key.o(.text)
    Key_Down_Scan                            0x08001909   Thumb Code   224  key.o(.text)
    LED_ALL_OFF                              0x080019ed   Thumb Code    14  led.o(.text)
    GPIO_Config                              0x080019fb   Thumb Code    44  led.o(.text)
    LED0_ON                                  0x08001a27   Thumb Code    12  led.o(.text)
    LED0_OFF                                 0x08001a33   Thumb Code    12  led.o(.text)
    LED1_ON                                  0x08001a3f   Thumb Code    12  led.o(.text)
    LED1_OFF                                 0x08001a4b   Thumb Code    12  led.o(.text)
    LED2_ON                                  0x08001a57   Thumb Code    12  led.o(.text)
    LED2_OFF                                 0x08001a63   Thumb Code    12  led.o(.text)
    LED3_ON                                  0x08001a6f   Thumb Code    12  led.o(.text)
    LED3_OFF                                 0x08001a7b   Thumb Code    12  led.o(.text)
    LED4_ON                                  0x08001a87   Thumb Code    14  led.o(.text)
    LED4_OFF                                 0x08001a95   Thumb Code    14  led.o(.text)
    LED5_ON                                  0x08001aa3   Thumb Code    14  led.o(.text)
    LED5_OFF                                 0x08001ab1   Thumb Code    14  led.o(.text)
    LED6_ON                                  0x08001abf   Thumb Code    14  led.o(.text)
    LED6_OFF                                 0x08001acd   Thumb Code    14  led.o(.text)
    LED7_ON                                  0x08001adb   Thumb Code    14  led.o(.text)
    LED7_OFF                                 0x08001ae9   Thumb Code    14  led.o(.text)
    LED_ALL_ON                               0x08001af7   Thumb Code    14  led.o(.text)
    SysTick_Init_Config                      0x08001b09   Thumb Code   108  systick.o(.text)
    delay_ms                                 0x08001b75   Thumb Code    34  systick.o(.text)
    Delay_nS                                 0x08001b97   Thumb Code    38  systick.o(.text)
    SysTickDelayTime_Counter                 0x08001bbd   Thumb Code    18  systick.o(.text)
    timer2_init_config                       0x08001be1   Thumb Code    94  timer.o(.text)
    start_timer                              0x08001c3f   Thumb Code    68  timer.o(.text)
    stop_timer                               0x08001c83   Thumb Code    24  timer.o(.text)
    NVIC_PriorityGroupConfig                 0x08001c9d   Thumb Code    10  misc.o(.text)
    NVIC_Init                                0x08001ca7   Thumb Code   100  misc.o(.text)
    NVIC_SetVectorTable                      0x08001d0b   Thumb Code    14  misc.o(.text)
    NVIC_SystemLPConfig                      0x08001d19   Thumb Code    34  misc.o(.text)
    SysTick_CLKSourceConfig                  0x08001d3b   Thumb Code    40  misc.o(.text)
    GPIO_DeInit                              0x08001d79   Thumb Code   172  stm32f10x_gpio.o(.text)
    GPIO_AFIODeInit                          0x08001e25   Thumb Code    20  stm32f10x_gpio.o(.text)
    GPIO_Init                                0x08001e39   Thumb Code   278  stm32f10x_gpio.o(.text)
    GPIO_StructInit                          0x08001f4f   Thumb Code    16  stm32f10x_gpio.o(.text)
    GPIO_ReadInputDataBit                    0x08001f5f   Thumb Code    18  stm32f10x_gpio.o(.text)
    GPIO_ReadInputData                       0x08001f71   Thumb Code     8  stm32f10x_gpio.o(.text)
    GPIO_ReadOutputDataBit                   0x08001f79   Thumb Code    18  stm32f10x_gpio.o(.text)
    GPIO_ReadOutputData                      0x08001f8b   Thumb Code     8  stm32f10x_gpio.o(.text)
    GPIO_SetBits                             0x08001f93   Thumb Code     4  stm32f10x_gpio.o(.text)
    GPIO_ResetBits                           0x08001f97   Thumb Code     4  stm32f10x_gpio.o(.text)
    GPIO_WriteBit                            0x08001f9b   Thumb Code    10  stm32f10x_gpio.o(.text)
    GPIO_Write                               0x08001fa5   Thumb Code     4  stm32f10x_gpio.o(.text)
    GPIO_PinLockConfig                       0x08001fa9   Thumb Code    18  stm32f10x_gpio.o(.text)
    GPIO_EventOutputConfig                   0x08001fbb   Thumb Code    26  stm32f10x_gpio.o(.text)
    GPIO_EventOutputCmd                      0x08001fd5   Thumb Code     6  stm32f10x_gpio.o(.text)
    GPIO_PinRemapConfig                      0x08001fdb   Thumb Code   138  stm32f10x_gpio.o(.text)
    GPIO_EXTILineConfig                      0x08002065   Thumb Code    66  stm32f10x_gpio.o(.text)
    GPIO_ETH_MediaInterfaceConfig            0x080020a7   Thumb Code     8  stm32f10x_gpio.o(.text)
    RCC_DeInit                               0x080020d5   Thumb Code    64  stm32f10x_rcc.o(.text)
    RCC_HSEConfig                            0x08002115   Thumb Code    70  stm32f10x_rcc.o(.text)
    RCC_GetFlagStatus                        0x0800215b   Thumb Code    56  stm32f10x_rcc.o(.text)
    RCC_WaitForHSEStartUp                    0x08002193   Thumb Code    56  stm32f10x_rcc.o(.text)
    RCC_AdjustHSICalibrationValue            0x080021cb   Thumb Code    20  stm32f10x_rcc.o(.text)
    RCC_HSICmd                               0x080021df   Thumb Code     6  stm32f10x_rcc.o(.text)
    RCC_PLLConfig                            0x080021e5   Thumb Code    24  stm32f10x_rcc.o(.text)
    RCC_PLLCmd                               0x080021fd   Thumb Code     6  stm32f10x_rcc.o(.text)
    RCC_SYSCLKConfig                         0x08002203   Thumb Code    18  stm32f10x_rcc.o(.text)
    RCC_GetSYSCLKSource                      0x08002215   Thumb Code    10  stm32f10x_rcc.o(.text)
    RCC_HCLKConfig                           0x0800221f   Thumb Code    18  stm32f10x_rcc.o(.text)
    RCC_PCLK1Config                          0x08002231   Thumb Code    18  stm32f10x_rcc.o(.text)
    RCC_PCLK2Config                          0x08002243   Thumb Code    20  stm32f10x_rcc.o(.text)
    RCC_ITConfig                             0x08002257   Thumb Code    26  stm32f10x_rcc.o(.text)
    RCC_USBCLKConfig                         0x08002271   Thumb Code     8  stm32f10x_rcc.o(.text)
    RCC_ADCCLKConfig                         0x08002279   Thumb Code    18  stm32f10x_rcc.o(.text)
    RCC_LSEConfig                            0x0800228b   Thumb Code    50  stm32f10x_rcc.o(.text)
    RCC_LSICmd                               0x080022bd   Thumb Code     6  stm32f10x_rcc.o(.text)
    RCC_RTCCLKConfig                         0x080022c3   Thumb Code    12  stm32f10x_rcc.o(.text)
    RCC_RTCCLKCmd                            0x080022cf   Thumb Code     8  stm32f10x_rcc.o(.text)
    RCC_GetClocksFreq                        0x080022d7   Thumb Code   192  stm32f10x_rcc.o(.text)
    RCC_AHBPeriphClockCmd                    0x08002397   Thumb Code    26  stm32f10x_rcc.o(.text)
    RCC_APB2PeriphClockCmd                   0x080023b1   Thumb Code    26  stm32f10x_rcc.o(.text)
    RCC_APB1PeriphClockCmd                   0x080023cb   Thumb Code    26  stm32f10x_rcc.o(.text)
    RCC_APB2PeriphResetCmd                   0x080023e5   Thumb Code    26  stm32f10x_rcc.o(.text)
    RCC_APB1PeriphResetCmd                   0x080023ff   Thumb Code    26  stm32f10x_rcc.o(.text)
    RCC_BackupResetCmd                       0x08002419   Thumb Code     8  stm32f10x_rcc.o(.text)
    RCC_ClockSecuritySystemCmd               0x08002421   Thumb Code     6  stm32f10x_rcc.o(.text)
    RCC_MCOConfig                            0x08002427   Thumb Code     6  stm32f10x_rcc.o(.text)
    RCC_ClearFlag                            0x0800242d   Thumb Code    14  stm32f10x_rcc.o(.text)
    RCC_GetITStatus                          0x0800243b   Thumb Code    20  stm32f10x_rcc.o(.text)
    RCC_ClearITPendingBit                    0x0800244f   Thumb Code     6  stm32f10x_rcc.o(.text)
    TIM_DeInit                               0x08002479   Thumb Code   424  stm32f10x_tim.o(.text)
    TIM_TimeBaseInit                         0x08002621   Thumb Code   122  stm32f10x_tim.o(.text)
    TIM_OC1Init                              0x0800269b   Thumb Code   132  stm32f10x_tim.o(.text)
    TIM_OC2Init                              0x0800271f   Thumb Code   154  stm32f10x_tim.o(.text)
    TIM_OC3Init                              0x080027b9   Thumb Code   150  stm32f10x_tim.o(.text)
    TIM_OC4Init                              0x0800284f   Thumb Code   182  stm32f10x_tim.o(.text)
    TIM_SetIC4Prescaler                      0x08002905   Thumb Code    26  stm32f10x_tim.o(.text)
    TIM_SetIC3Prescaler                      0x080029a1   Thumb Code    18  stm32f10x_tim.o(.text)
    TIM_SetIC2Prescaler                      0x08002a2d   Thumb Code    26  stm32f10x_tim.o(.text)
    TIM_SetIC1Prescaler                      0x08002ac9   Thumb Code    18  stm32f10x_tim.o(.text)
    TIM_ICInit                               0x08002b47   Thumb Code   150  stm32f10x_tim.o(.text)
    TIM_PWMIConfig                           0x08002bdd   Thumb Code   124  stm32f10x_tim.o(.text)
    TIM_BDTRConfig                           0x08002c59   Thumb Code    32  stm32f10x_tim.o(.text)
    TIM_TimeBaseStructInit                   0x08002c79   Thumb Code    18  stm32f10x_tim.o(.text)
    TIM_OCStructInit                         0x08002c8b   Thumb Code    20  stm32f10x_tim.o(.text)
    TIM_ICStructInit                         0x08002c9f   Thumb Code    18  stm32f10x_tim.o(.text)
    TIM_BDTRStructInit                       0x08002cb1   Thumb Code    40  stm32f10x_tim.o(.text)
    TIM_Cmd                                  0x08002cd9   Thumb Code    24  stm32f10x_tim.o(.text)
    TIM_CtrlPWMOutputs                       0x08002cf1   Thumb Code    30  stm32f10x_tim.o(.text)
    TIM_ITConfig                             0x08002d0f   Thumb Code    18  stm32f10x_tim.o(.text)
    TIM_GenerateEvent                        0x08002d21   Thumb Code     4  stm32f10x_tim.o(.text)
    TIM_DMAConfig                            0x08002d25   Thumb Code    10  stm32f10x_tim.o(.text)
    TIM_DMACmd                               0x08002d2f   Thumb Code    18  stm32f10x_tim.o(.text)
    TIM_InternalClockConfig                  0x08002d41   Thumb Code    12  stm32f10x_tim.o(.text)
    TIM_SelectInputTrigger                   0x08002d4d   Thumb Code    18  stm32f10x_tim.o(.text)
    TIM_ITRxExternalClockConfig              0x08002d5f   Thumb Code    24  stm32f10x_tim.o(.text)
    TIM_TIxExternalClockConfig               0x08002d77   Thumb Code    62  stm32f10x_tim.o(.text)
    TIM_ETRConfig                            0x08002db5   Thumb Code    28  stm32f10x_tim.o(.text)
    TIM_ETRClockMode1Config                  0x08002dd1   Thumb Code    54  stm32f10x_tim.o(.text)
    TIM_ETRClockMode2Config                  0x08002e07   Thumb Code    32  stm32f10x_tim.o(.text)
    TIM_PrescalerConfig                      0x08002e27   Thumb Code     6  stm32f10x_tim.o(.text)
    TIM_CounterModeConfig                    0x08002e2d   Thumb Code    18  stm32f10x_tim.o(.text)
    TIM_EncoderInterfaceConfig               0x08002e3f   Thumb Code    66  stm32f10x_tim.o(.text)
    TIM_ForcedOC1Config                      0x08002e81   Thumb Code    18  stm32f10x_tim.o(.text)
    TIM_ForcedOC2Config                      0x08002e93   Thumb Code    26  stm32f10x_tim.o(.text)
    TIM_ForcedOC3Config                      0x08002ead   Thumb Code    18  stm32f10x_tim.o(.text)
    TIM_ForcedOC4Config                      0x08002ebf   Thumb Code    26  stm32f10x_tim.o(.text)
    TIM_ARRPreloadConfig                     0x08002ed9   Thumb Code    24  stm32f10x_tim.o(.text)
    TIM_SelectCOM                            0x08002ef1   Thumb Code    24  stm32f10x_tim.o(.text)
    TIM_SelectCCDMA                          0x08002f09   Thumb Code    24  stm32f10x_tim.o(.text)
    TIM_CCPreloadControl                     0x08002f21   Thumb Code    24  stm32f10x_tim.o(.text)
    TIM_OC1PreloadConfig                     0x08002f39   Thumb Code    18  stm32f10x_tim.o(.text)
    TIM_OC2PreloadConfig                     0x08002f4b   Thumb Code    26  stm32f10x_tim.o(.text)
    TIM_OC3PreloadConfig                     0x08002f65   Thumb Code    18  stm32f10x_tim.o(.text)
    TIM_OC4PreloadConfig                     0x08002f77   Thumb Code    26  stm32f10x_tim.o(.text)
    TIM_OC1FastConfig                        0x08002f91   Thumb Code    18  stm32f10x_tim.o(.text)
    TIM_OC2FastConfig                        0x08002fa3   Thumb Code    26  stm32f10x_tim.o(.text)
    TIM_OC3FastConfig                        0x08002fbd   Thumb Code    18  stm32f10x_tim.o(.text)
    TIM_OC4FastConfig                        0x08002fcf   Thumb Code    26  stm32f10x_tim.o(.text)
    TIM_ClearOC1Ref                          0x08002fe9   Thumb Code    18  stm32f10x_tim.o(.text)
    TIM_ClearOC2Ref                          0x08002ffb   Thumb Code    24  stm32f10x_tim.o(.text)
    TIM_ClearOC3Ref                          0x08003013   Thumb Code    18  stm32f10x_tim.o(.text)
    TIM_ClearOC4Ref                          0x08003025   Thumb Code    24  stm32f10x_tim.o(.text)
    TIM_OC1PolarityConfig                    0x0800303d   Thumb Code    18  stm32f10x_tim.o(.text)
    TIM_OC1NPolarityConfig                   0x0800304f   Thumb Code    18  stm32f10x_tim.o(.text)
    TIM_OC2PolarityConfig                    0x08003061   Thumb Code    26  stm32f10x_tim.o(.text)
    TIM_OC2NPolarityConfig                   0x0800307b   Thumb Code    26  stm32f10x_tim.o(.text)
    TIM_OC3PolarityConfig                    0x08003095   Thumb Code    26  stm32f10x_tim.o(.text)
    TIM_OC3NPolarityConfig                   0x080030af   Thumb Code    26  stm32f10x_tim.o(.text)
    TIM_OC4PolarityConfig                    0x080030c9   Thumb Code    26  stm32f10x_tim.o(.text)
    TIM_CCxCmd                               0x080030e3   Thumb Code    30  stm32f10x_tim.o(.text)
    TIM_CCxNCmd                              0x08003101   Thumb Code    30  stm32f10x_tim.o(.text)
    TIM_SelectOCxM                           0x0800311f   Thumb Code    82  stm32f10x_tim.o(.text)
    TIM_UpdateDisableConfig                  0x08003171   Thumb Code    24  stm32f10x_tim.o(.text)
    TIM_UpdateRequestConfig                  0x08003189   Thumb Code    24  stm32f10x_tim.o(.text)
    TIM_SelectHallSensor                     0x080031a1   Thumb Code    24  stm32f10x_tim.o(.text)
    TIM_SelectOnePulseMode                   0x080031b9   Thumb Code    18  stm32f10x_tim.o(.text)
    TIM_SelectOutputTrigger                  0x080031cb   Thumb Code    18  stm32f10x_tim.o(.text)
    TIM_SelectSlaveMode                      0x080031dd   Thumb Code    18  stm32f10x_tim.o(.text)
    TIM_SelectMasterSlaveMode                0x080031ef   Thumb Code    18  stm32f10x_tim.o(.text)
    TIM_SetCounter                           0x08003201   Thumb Code     4  stm32f10x_tim.o(.text)
    TIM_SetAutoreload                        0x08003205   Thumb Code     4  stm32f10x_tim.o(.text)
    TIM_SetCompare1                          0x08003209   Thumb Code     4  stm32f10x_tim.o(.text)
    TIM_SetCompare2                          0x0800320d   Thumb Code     4  stm32f10x_tim.o(.text)
    TIM_SetCompare3                          0x08003211   Thumb Code     4  stm32f10x_tim.o(.text)
    TIM_SetCompare4                          0x08003215   Thumb Code     6  stm32f10x_tim.o(.text)
    TIM_SetClockDivision                     0x0800321b   Thumb Code    18  stm32f10x_tim.o(.text)
    TIM_GetCapture1                          0x0800322d   Thumb Code     6  stm32f10x_tim.o(.text)
    TIM_GetCapture2                          0x08003233   Thumb Code     6  stm32f10x_tim.o(.text)
    TIM_GetCapture3                          0x08003239   Thumb Code     6  stm32f10x_tim.o(.text)
    TIM_GetCapture4                          0x0800323f   Thumb Code     8  stm32f10x_tim.o(.text)
    TIM_GetCounter                           0x08003247   Thumb Code     6  stm32f10x_tim.o(.text)
    TIM_GetPrescaler                         0x0800324d   Thumb Code     6  stm32f10x_tim.o(.text)
    TIM_GetFlagStatus                        0x08003253   Thumb Code    18  stm32f10x_tim.o(.text)
    TIM_ClearFlag                            0x08003265   Thumb Code     6  stm32f10x_tim.o(.text)
    TIM_GetITStatus                          0x0800326b   Thumb Code    34  stm32f10x_tim.o(.text)
    TIM_ClearITPendingBit                    0x0800328d   Thumb Code     6  stm32f10x_tim.o(.text)
    USART_DeInit                             0x08003295   Thumb Code   134  stm32f10x_usart.o(.text)
    USART_Init                               0x0800331b   Thumb Code   210  stm32f10x_usart.o(.text)
    USART_StructInit                         0x080033ed   Thumb Code    24  stm32f10x_usart.o(.text)
    USART_ClockInit                          0x08003405   Thumb Code    34  stm32f10x_usart.o(.text)
    USART_ClockStructInit                    0x08003427   Thumb Code    12  stm32f10x_usart.o(.text)
    USART_Cmd                                0x08003433   Thumb Code    24  stm32f10x_usart.o(.text)
    USART_ITConfig                           0x0800344b   Thumb Code    74  stm32f10x_usart.o(.text)
    USART_DMACmd                             0x08003495   Thumb Code    18  stm32f10x_usart.o(.text)
    USART_SetAddress                         0x080034a7   Thumb Code    18  stm32f10x_usart.o(.text)
    USART_WakeUpConfig                       0x080034b9   Thumb Code    18  stm32f10x_usart.o(.text)
    USART_ReceiverWakeUpCmd                  0x080034cb   Thumb Code    24  stm32f10x_usart.o(.text)
    USART_LINBreakDetectLengthConfig         0x080034e3   Thumb Code    18  stm32f10x_usart.o(.text)
    USART_LINCmd                             0x080034f5   Thumb Code    24  stm32f10x_usart.o(.text)
    USART_SendData                           0x0800350d   Thumb Code     8  stm32f10x_usart.o(.text)
    USART_ReceiveData                        0x08003515   Thumb Code    10  stm32f10x_usart.o(.text)
    USART_SendBreak                          0x0800351f   Thumb Code    10  stm32f10x_usart.o(.text)
    USART_SetGuardTime                       0x08003529   Thumb Code    16  stm32f10x_usart.o(.text)
    USART_SetPrescaler                       0x08003539   Thumb Code    16  stm32f10x_usart.o(.text)
    USART_SmartCardCmd                       0x08003549   Thumb Code    24  stm32f10x_usart.o(.text)
    USART_SmartCardNACKCmd                   0x08003561   Thumb Code    24  stm32f10x_usart.o(.text)
    USART_HalfDuplexCmd                      0x08003579   Thumb Code    24  stm32f10x_usart.o(.text)
    USART_OverSampling8Cmd                   0x08003591   Thumb Code    22  stm32f10x_usart.o(.text)
    USART_OneBitMethodCmd                    0x080035a7   Thumb Code    24  stm32f10x_usart.o(.text)
    USART_IrDAConfig                         0x080035bf   Thumb Code    18  stm32f10x_usart.o(.text)
    USART_IrDACmd                            0x080035d1   Thumb Code    24  stm32f10x_usart.o(.text)
    USART_GetFlagStatus                      0x080035e9   Thumb Code    26  stm32f10x_usart.o(.text)
    USART_ClearFlag                          0x08003603   Thumb Code    18  stm32f10x_usart.o(.text)
    USART_GetITStatus                        0x08003615   Thumb Code    84  stm32f10x_usart.o(.text)
    USART_ClearITPendingBit                  0x08003669   Thumb Code    52  stm32f10x_usart.o(.text)
    SystemInit                               0x0800377b   Thumb Code    78  system_stm32f10x.o(.text)
    SystemCoreClockUpdate                    0x080037c9   Thumb Code   142  system_stm32f10x.o(.text)
    Reset_Handler                            0x0800387d   Thumb Code     8  startup_stm32f10x_md.o(.text)
    ADC1_2_IRQHandler                        0x08003897   Thumb Code     0  startup_stm32f10x_md.o(.text)
    CAN1_RX1_IRQHandler                      0x08003897   Thumb Code     0  startup_stm32f10x_md.o(.text)
    CAN1_SCE_IRQHandler                      0x08003897   Thumb Code     0  startup_stm32f10x_md.o(.text)
    DMA1_Channel1_IRQHandler                 0x08003897   Thumb Code     0  startup_stm32f10x_md.o(.text)
    DMA1_Channel2_IRQHandler                 0x08003897   Thumb Code     0  startup_stm32f10x_md.o(.text)
    DMA1_Channel3_IRQHandler                 0x08003897   Thumb Code     0  startup_stm32f10x_md.o(.text)
    DMA1_Channel4_IRQHandler                 0x08003897   Thumb Code     0  startup_stm32f10x_md.o(.text)
    DMA1_Channel5_IRQHandler                 0x08003897   Thumb Code     0  startup_stm32f10x_md.o(.text)
    DMA1_Channel6_IRQHandler                 0x08003897   Thumb Code     0  startup_stm32f10x_md.o(.text)
    DMA1_Channel7_IRQHandler                 0x08003897   Thumb Code     0  startup_stm32f10x_md.o(.text)
    EXTI0_IRQHandler                         0x08003897   Thumb Code     0  startup_stm32f10x_md.o(.text)
    EXTI15_10_IRQHandler                     0x08003897   Thumb Code     0  startup_stm32f10x_md.o(.text)
    EXTI1_IRQHandler                         0x08003897   Thumb Code     0  startup_stm32f10x_md.o(.text)
    EXTI2_IRQHandler                         0x08003897   Thumb Code     0  startup_stm32f10x_md.o(.text)
    EXTI3_IRQHandler                         0x08003897   Thumb Code     0  startup_stm32f10x_md.o(.text)
    EXTI4_IRQHandler                         0x08003897   Thumb Code     0  startup_stm32f10x_md.o(.text)
    EXTI9_5_IRQHandler                       0x08003897   Thumb Code     0  startup_stm32f10x_md.o(.text)
    FLASH_IRQHandler                         0x08003897   Thumb Code     0  startup_stm32f10x_md.o(.text)
    I2C1_ER_IRQHandler                       0x08003897   Thumb Code     0  startup_stm32f10x_md.o(.text)
    I2C1_EV_IRQHandler                       0x08003897   Thumb Code     0  startup_stm32f10x_md.o(.text)
    I2C2_ER_IRQHandler                       0x08003897   Thumb Code     0  startup_stm32f10x_md.o(.text)
    I2C2_EV_IRQHandler                       0x08003897   Thumb Code     0  startup_stm32f10x_md.o(.text)
    PVD_IRQHandler                           0x08003897   Thumb Code     0  startup_stm32f10x_md.o(.text)
    RCC_IRQHandler                           0x08003897   Thumb Code     0  startup_stm32f10x_md.o(.text)
    RTCAlarm_IRQHandler                      0x08003897   Thumb Code     0  startup_stm32f10x_md.o(.text)
    RTC_IRQHandler                           0x08003897   Thumb Code     0  startup_stm32f10x_md.o(.text)
    SPI1_IRQHandler                          0x08003897   Thumb Code     0  startup_stm32f10x_md.o(.text)
    SPI2_IRQHandler                          0x08003897   Thumb Code     0  startup_stm32f10x_md.o(.text)
    TAMPER_IRQHandler                        0x08003897   Thumb Code     0  startup_stm32f10x_md.o(.text)
    TIM1_BRK_IRQHandler                      0x08003897   Thumb Code     0  startup_stm32f10x_md.o(.text)
    TIM1_CC_IRQHandler                       0x08003897   Thumb Code     0  startup_stm32f10x_md.o(.text)
    TIM1_TRG_COM_IRQHandler                  0x08003897   Thumb Code     0  startup_stm32f10x_md.o(.text)
    TIM1_UP_IRQHandler                       0x08003897   Thumb Code     0  startup_stm32f10x_md.o(.text)
    TIM3_IRQHandler                          0x08003897   Thumb Code     0  startup_stm32f10x_md.o(.text)
    TIM4_IRQHandler                          0x08003897   Thumb Code     0  startup_stm32f10x_md.o(.text)
    USART3_IRQHandler                        0x08003897   Thumb Code     0  startup_stm32f10x_md.o(.text)
    USBWakeUp_IRQHandler                     0x08003897   Thumb Code     0  startup_stm32f10x_md.o(.text)
    USB_HP_CAN1_TX_IRQHandler                0x08003897   Thumb Code     0  startup_stm32f10x_md.o(.text)
    USB_LP_CAN1_RX0_IRQHandler               0x08003897   Thumb Code     0  startup_stm32f10x_md.o(.text)
    WWDG_IRQHandler                          0x08003897   Thumb Code     0  startup_stm32f10x_md.o(.text)
    __aeabi_memcpy                           0x080038a1   Thumb Code    36  memcpya.o(.text)
    __aeabi_memcpy4                          0x080038a1   Thumb Code     0  memcpya.o(.text)
    __aeabi_memcpy8                          0x080038a1   Thumb Code     0  memcpya.o(.text)
    __aeabi_memset                           0x080038c5   Thumb Code    14  memseta.o(.text)
    __aeabi_memset4                          0x080038c5   Thumb Code     0  memseta.o(.text)
    __aeabi_memset8                          0x080038c5   Thumb Code     0  memseta.o(.text)
    __aeabi_memclr                           0x080038d3   Thumb Code     4  memseta.o(.text)
    __aeabi_memclr4                          0x080038d3   Thumb Code     0  memseta.o(.text)
    __aeabi_memclr8                          0x080038d3   Thumb Code     0  memseta.o(.text)
    _memset$wrapper                          0x080038d7   Thumb Code    18  memseta.o(.text)
    strstr                                   0x080038e9   Thumb Code    36  strstr.o(.text)
    strlen                                   0x0800390d   Thumb Code    14  strlen.o(.text)
    strncmp                                  0x0800391b   Thumb Code    30  strncmp.o(.text)
    __aeabi_uidiv                            0x08003939   Thumb Code     0  uidiv.o(.text)
    __aeabi_uidivmod                         0x08003939   Thumb Code    44  uidiv.o(.text)
    __scatterload                            0x08003965   Thumb Code    28  init.o(.text)
    __scatterload_rt2                        0x08003965   Thumb Code     0  init.o(.text)
    __decompress                             0x08003989   Thumb Code     0  __dczerorl2.o(.text)
    __decompress1                            0x08003989   Thumb Code    86  __dczerorl2.o(.text)
    __0printf$3                              0x080039e1   Thumb Code    22  printf3.o(i.__0printf$3)
    __1printf$3                              0x080039e1   Thumb Code     0  printf3.o(i.__0printf$3)
    __2printf                                0x080039e1   Thumb Code     0  printf3.o(i.__0printf$3)
    __0sprintf$3                             0x08003a01   Thumb Code    34  printf3.o(i.__0sprintf$3)
    __1sprintf$3                             0x08003a01   Thumb Code     0  printf3.o(i.__0sprintf$3)
    __2sprintf                               0x08003a01   Thumb Code     0  printf3.o(i.__0sprintf$3)
    __scatterload_copy                       0x08003a29   Thumb Code    14  handlers.o(i.__scatterload_copy)
    __scatterload_null                       0x08003a37   Thumb Code     2  handlers.o(i.__scatterload_null)
    __scatterload_zeroinit                   0x08003a39   Thumb Code    14  handlers.o(i.__scatterload_zeroinit)
    Region$$Table$$Base                      0x08003c24   Number         0  anon$$obj.o(Region$$Table)
    Region$$Table$$Limit                     0x08003c44   Number         0  anon$$obj.o(Region$$Table)
    send_rcv_ptr                             0x20000000   Data           2  main.o(.data)
    master_result_sta                        0x20000002   Data           1  main.o(.data)
    master_send_cmd_result                   0x20000003   Data           1  main.o(.data)
    rcv_cmd_ptr                              0x20000004   Data           4  main.o(.data)
    slave_result_sta                         0x2000000c   Data           1  main.o(.data)
    slave_rcv_cmd_result                     0x2000000d   Data           1  main.o(.data)
    user_debug_cmd                           0x2000000e   Data           1  main.o(.data)
    debug_count                              0x20000014   Data           4  main.o(.data)
    system_state                             0x20000018   Data           1  main.o(.data)
    socket                                   0x2000001c   Data           4  main.o(.data)
    user_cmd                                 0x20000020   Data           4  main.o(.data)
    user_cmd_count                           0x20000024   Data           4  main.o(.data)
    http_cmd                                 0x2000002c   Data         832  user_func.o(.data)
    SystemCoreClock                          0x20000384   Data           4  system_stm32f10x.o(.data)
    AHBPrescTable                            0x20000388   Data          16  system_stm32f10x.o(.data)
    __stdout                                 0x20000398   Data           4  stdout.o(.data)
    cmd_send_rcv_buf                         0x2000039c   Data         100  main.o(.bss)
    rcv_cmd_buf                              0x20000400   Data         400  main.o(.bss)
    debug_buf                                0x20000590   Data        1024  main.o(.bss)
    send_at_buffer                           0x20000990   Data         100  main.o(.bss)
    __initial_sp                             0x200011f8   Data           0  startup_stm32f10x_md.o(STACK)



==============================================================================

Memory Map of the image

  Image Entry point : 0x080000ed

  Load Region LR_IROM1 (Base: 0x08000000, Size: 0x00003fe0, Max: 0x00010000, ABSOLUTE, COMPRESSED[0x00003c7c])

    Execution Region ER_IROM1 (Base: 0x08000000, Size: 0x00003c44, Max: 0x00010000, ABSOLUTE)

    Base Addr    Size         Type   Attr      Idx    E Section Name        Object

    0x08000000   0x000000ec   Data   RO          311    RESET               startup_stm32f10x_md.o
    0x080000ec   0x00000000   Code   RO          316  * .ARM.Collect$$$$00000000  mc_w.l(entry.o)
    0x080000ec   0x00000004   Code   RO          592    .ARM.Collect$$$$00000001  mc_w.l(entry2.o)
    0x080000f0   0x00000004   Code   RO          595    .ARM.Collect$$$$00000004  mc_w.l(entry5.o)
    0x080000f4   0x00000000   Code   RO          597    .ARM.Collect$$$$00000008  mc_w.l(entry7b.o)
    0x080000f4   0x00000000   Code   RO          599    .ARM.Collect$$$$0000000A  mc_w.l(entry8b.o)
    0x080000f4   0x00000008   Code   RO          600    .ARM.Collect$$$$0000000B  mc_w.l(entry9a.o)
    0x080000fc   0x00000000   Code   RO          602    .ARM.Collect$$$$0000000D  mc_w.l(entry10a.o)
    0x080000fc   0x00000000   Code   RO          604    .ARM.Collect$$$$0000000F  mc_w.l(entry11a.o)
    0x080000fc   0x00000004   Code   RO          593    .ARM.Collect$$$$00002712  mc_w.l(entry2.o)
    0x08000100   0x00000e68   Code   RO            1    .text               main.o
    0x08000f68   0x00000020   Code   RO           83    .text               stm32f10x_it.o
    0x08000f88   0x00000278   Code   RO           98    .text               guoyun_nb_iot.o
    0x08001200   0x000003f0   Code   RO          114    .text               user_func.o
    0x080015f0   0x000002b8   Code   RO          131    .text               usart.o
    0x080018a8   0x00000144   Code   RO          151    .text               key.o
    0x080019ec   0x0000011c   Code   RO          163    .text               led.o
    0x08001b08   0x000000d8   Code   RO          175    .text               systick.o
    0x08001be0   0x000000ba   Code   RO          193    .text               timer.o
    0x08001c9a   0x00000002   PAD
    0x08001c9c   0x000000dc   Code   RO          206    .text               misc.o
    0x08001d78   0x0000035c   Code   RO          230    .text               stm32f10x_gpio.o
    0x080020d4   0x000003a4   Code   RO          242    .text               stm32f10x_rcc.o
    0x08002478   0x00000e1a   Code   RO          256    .text               stm32f10x_tim.o
    0x08003292   0x00000002   PAD
    0x08003294   0x00000408   Code   RO          268    .text               stm32f10x_usart.o
    0x0800369c   0x000001e0   Code   RO          291    .text               system_stm32f10x.o
    0x0800387c   0x00000024   Code   RO          312    .text               startup_stm32f10x_md.o
    0x080038a0   0x00000024   Code   RO          319    .text               mc_w.l(memcpya.o)
    0x080038c4   0x00000024   Code   RO          321    .text               mc_w.l(memseta.o)
    0x080038e8   0x00000024   Code   RO          323    .text               mc_w.l(strstr.o)
    0x0800390c   0x0000000e   Code   RO          325    .text               mc_w.l(strlen.o)
    0x0800391a   0x0000001e   Code   RO          327    .text               mc_w.l(strncmp.o)
    0x08003938   0x0000002c   Code   RO          607    .text               mc_w.l(uidiv.o)
    0x08003964   0x00000024   Code   RO          622    .text               mc_w.l(init.o)
    0x08003988   0x00000056   Code   RO          640    .text               mc_w.l(__dczerorl2.o)
    0x080039de   0x00000002   PAD
    0x080039e0   0x00000020   Code   RO          420    i.__0printf$3       mc_w.l(printf3.o)
    0x08003a00   0x00000028   Code   RO          422    i.__0sprintf$3      mc_w.l(printf3.o)
    0x08003a28   0x0000000e   Code   RO          634    i.__scatterload_copy  mc_w.l(handlers.o)
    0x08003a36   0x00000002   Code   RO          635    i.__scatterload_null  mc_w.l(handlers.o)
    0x08003a38   0x0000000e   Code   RO          636    i.__scatterload_zeroinit  mc_w.l(handlers.o)
    0x08003a46   0x00000002   PAD
    0x08003a48   0x000001b8   Code   RO          427    i._printf_core      mc_w.l(printf3.o)
    0x08003c00   0x0000000a   Code   RO          429    i._sputc            mc_w.l(printf3.o)
    0x08003c0a   0x00000002   PAD
    0x08003c0c   0x00000018   Data   RO          115    .conststring        user_func.o
    0x08003c24   0x00000020   Data   RO          632    Region$$Table       anon$$obj.o


    Execution Region RW_IRAM1 (Base: 0x20000000, Size: 0x000011f8, Max: 0x00005000, ABSOLUTE, COMPRESSED[0x00000038])

    Base Addr    Size         Type   Attr      Idx    E Section Name        Object

    0x20000000   0x0000002a   Data   RW            3    .data               main.o
    0x2000002a   0x00000002   PAD
    0x2000002c   0x00000340   Data   RW          116    .data               user_func.o
    0x2000036c   0x00000004   Data   RW          176    .data               systick.o
    0x20000370   0x00000014   Data   RW          243    .data               stm32f10x_rcc.o
    0x20000384   0x00000014   Data   RW          292    .data               system_stm32f10x.o
    0x20000398   0x00000004   Data   RW          606    .data               mc_w.l(stdout.o)
    0x2000039c   0x00000658   Zero   RW            2    .bss                main.o
    0x200009f4   0x00000004   PAD
    0x200009f8   0x00000800   Zero   RW          309    STACK               startup_stm32f10x_md.o


==============================================================================

Image component sizes


      Code (inc. data)   RO Data    RW Data    ZI Data      Debug   Object Name

         0          0          0          0          0         32   core_cm3.o
       632        160          0          0          0       3838   guoyun_nb_iot.o
       324          4          0          0          0       1439   key.o
       284          4          0          0          0       2429   led.o
      3688       1030          0         42       1624     258140   main.o
       220         22          0          0          0       1749   misc.o
        36          8        236          0       2048        816   startup_stm32f10x_md.o
       860         38          0          0          0       5685   stm32f10x_gpio.o
        32          0          0          0          0       1274   stm32f10x_it.o
       932         36          0         20          0       8860   stm32f10x_rcc.o
      3610         88          0          0          0      22792   stm32f10x_tim.o
      1032         22          0          0          0       8408   stm32f10x_usart.o
       480         38          0         20          0       1803   system_stm32f10x.o
       216         18          0          4          0      16484   systick.o
       186          0          0          0          0        868   timer.o
       696         84          0          0          0       2437   usart.o
      1008        382         24        832          0       3717   user_func.o

    ----------------------------------------------------------------------
     14240       1934        292        920       3676     340771   Object Totals
         0          0         32          0          0          0   (incl. Generated)
         4          0          0          2          4          0   (incl. Padding)

    ----------------------------------------------------------------------

      Code (inc. data)   RO Data    RW Data    ZI Data      Debug   Library Member Name

        86          0          0          0          0          0   __dczerorl2.o
         0          0          0          0          0          0   entry.o
         0          0          0          0          0          0   entry10a.o
         0          0          0          0          0          0   entry11a.o
         8          4          0          0          0          0   entry2.o
         4          0          0          0          0          0   entry5.o
         0          0          0          0          0          0   entry7b.o
         0          0          0          0          0          0   entry8b.o
         8          4          0          0          0          0   entry9a.o
        30          0          0          0          0          0   handlers.o
        36          8          0          0          0         68   init.o
        36          0          0          0          0         68   memcpya.o
        36          0          0          0          0        108   memseta.o
       522         20          0          0          0        336   printf3.o
         0          0          0          4          0          0   stdout.o
        14          0          0          0          0         68   strlen.o
        30          0          0          0          0         80   strncmp.o
        36          0          0          0          0         80   strstr.o
        44          0          0          0          0         80   uidiv.o

    ----------------------------------------------------------------------
       896         36          0          4          0        888   Library Totals
         6          0          0          0          0          0   (incl. Padding)

    ----------------------------------------------------------------------

      Code (inc. data)   RO Data    RW Data    ZI Data      Debug   Library Name

       890         36          0          4          0        888   mc_w.l

    ----------------------------------------------------------------------
       896         36          0          4          0        888   Library Totals

    ----------------------------------------------------------------------

==============================================================================


      Code (inc. data)   RO Data    RW Data    ZI Data      Debug   

     15136       1970        292        924       3676     340071   Grand Totals
     15136       1970        292         56       3676     340071   ELF Image Totals (compressed)
     15136       1970        292         56          0          0   ROM Totals

==============================================================================

    Total RO  Size (Code + RO Data)                15428 (  15.07kB)
    Total RW  Size (RW Data + ZI Data)              4600 (   4.49kB)
    Total ROM Size (Code + RO Data + RW Data)      15484 (  15.12kB)

==============================================================================

